1.473684210526316
0.7631578947368423
0.7631578947368423
